// Jest Snapshot v1, https://goo.gl/fbAQLP

exports[`Quote component renders the Quote 1`] = `
<div>
  <p>
    Fry
  </p>
  <img
    src="imgurl"
  />
  <p>
    quote
  </p>
</div>
`;
